metadataPath: ""
primaryRepositoryName: foo_primary_repo
subPath: ""
targetPath: foo_target_path

